PsiJetFileStubImpl[package=]
  CLASS:PsiJetClassStubImpl[name=C fqn=C superNames=[]]
    TYPE_PARAMETER_LIST
      TYPE_PARAMETER:PsiJetTypeParameterStubImpl[name=T extendText=null]
    CLASS_BODY
