PsiJetFileStubImpl[package=]
  CLASS:PsiJetClassStubImpl[name=More fqn=More superNames=[]]
    CLASS_BODY
      PROPERTY:PsiJetPropertyStubImpl[val name=test typeText=Int bodyText=11]
