PsiJetFileStubImpl[package=]
  CLASS:PsiJetClassStubImpl[name=A fqn=A superNames=[]]
    CLASS_BODY
      CLASS:PsiJetClassStubImpl[inner name=B fqn=A.B superNames=[]]
        CLASS_BODY
